┌─────────────┐
│             │
│             │
│             │
│             │
│             │
│ > test_ov   │
│ 1/1 ─────── │
│ >           │
└─────────────┘
